test.log


hexizheng  nihao!


haoyuyu  hello!



xiaoruirui hao!


